Simulator report for PillLoad_System
Tue Mar 28 15:07:17 2023
Quartus II Version 9.1 Build 222 10/21/2009 SJ Full Version


---------------------
; Table of Contents ;
---------------------
  1. Legal Notice
  2. Simulator Summary
  3. Simulator Settings
  4. Simulation Waveforms
  5. Coverage Summary
  6. Complete 1/0-Value Coverage
  7. Missing 1-Value Coverage
  8. Missing 0-Value Coverage
  9. Simulator INI Usage
 10. Simulator Messages



----------------
; Legal Notice ;
----------------
Copyright (C) 1991-2009 Altera Corporation
Your use of Altera Corporation's design tools, logic functions 
and other software and tools, and its AMPP partner logic 
functions, and any output files from any of the foregoing 
(including device programming or simulation files), and any 
associated documentation or information are expressly subject 
to the terms and conditions of the Altera Program License 
Subscription Agreement, Altera MegaCore Function License 
Agreement, or other applicable license agreement, including, 
without limitation, that your use is for the sole purpose of 
programming logic devices manufactured by Altera and sold by 
Altera or its authorized distributors.  Please refer to the 
applicable agreement for further details.



+-----------------------------------------------+
; Simulator Summary                             ;
+-----------------------------+-----------------+
; Type                        ; Value           ;
+-----------------------------+-----------------+
; Simulation Start Time       ; 0 ps            ;
; Simulation End Time         ; 100.0 s         ;
; Simulation Netlist Size     ; 176 nodes       ;
; Simulation Coverage         ;      40.96 %    ;
; Total Number of Transitions ; 4001243         ;
; Simulation Breakpoints      ; 0               ;
; Family                      ; MAX7000S        ;
; Device                      ; EPM7128SLC84-15 ;
+-----------------------------+-----------------+


+-------------------------------------------------------------------------------------------------------------------------+
; Simulator Settings                                                                                                      ;
+--------------------------------------------------------------------------------------------+------------+---------------+
; Option                                                                                     ; Setting    ; Default Value ;
+--------------------------------------------------------------------------------------------+------------+---------------+
; Simulation mode                                                                            ; Timing     ; Timing        ;
; Start time                                                                                 ; 0 ns       ; 0 ns          ;
; Simulation results format                                                                  ; CVWF       ;               ;
; Add pins automatically to simulation output waveforms                                      ; On         ; On            ;
; Check outputs                                                                              ; Off        ; Off           ;
; Report simulation coverage                                                                 ; On         ; On            ;
; Display complete 1/0 value coverage report                                                 ; On         ; On            ;
; Display missing 1-value coverage report                                                    ; On         ; On            ;
; Display missing 0-value coverage report                                                    ; On         ; On            ;
; Detect setup and hold time violations                                                      ; Off        ; Off           ;
; Detect glitches                                                                            ; Off        ; Off           ;
; Disable timing delays in Timing Simulation                                                 ; Off        ; Off           ;
; Generate Signal Activity File                                                              ; Off        ; Off           ;
; Generate VCD File for PowerPlay Power Analyzer                                             ; Off        ; Off           ;
; Group bus channels in simulation results                                                   ; Off        ; Off           ;
; Preserve fewer signal transitions to reduce memory requirements                            ; On         ; On            ;
; Trigger vector comparison with the specified mode                                          ; INPUT_EDGE ; INPUT_EDGE    ;
; Disable setup and hold time violations detection in input registers of bi-directional pins ; Off        ; Off           ;
; Overwrite Waveform Inputs With Simulation Outputs                                          ; Off        ;               ;
; Perform Glitch Filtering in Timing Simulation                                              ; Auto       ; Auto          ;
+--------------------------------------------------------------------------------------------+------------+---------------+


+----------------------+
; Simulation Waveforms ;
+----------------------+
Waveform report data cannot be output to ASCII.
Please use Quartus II to view the waveform report data.


+--------------------------------------------------------------------+
; Coverage Summary                                                   ;
+-----------------------------------------------------+--------------+
; Type                                                ; Value        ;
+-----------------------------------------------------+--------------+
; Total coverage as a percentage                      ;      40.96 % ;
; Total nodes checked                                 ; 176          ;
; Total output ports checked                          ; 166          ;
; Total output ports with complete 1/0-value coverage ; 68           ;
; Total output ports with no 1/0-value coverage       ; 94           ;
; Total output ports with no 1-value coverage         ; 95           ;
; Total output ports with no 0-value coverage         ; 97           ;
+-----------------------------------------------------+--------------+


The following table displays output ports that toggle between 1 and 0 during simulation.
+--------------------------------------------------------------------------------------------------------------------------------------------------------+
; Complete 1/0-Value Coverage                                                                                                                            ;
+------------------------------------------------------------------+------------------------------------------------------------------+------------------+
; Node Name                                                        ; Output Port Name                                                 ; Output Port Type ;
+------------------------------------------------------------------+------------------------------------------------------------------+------------------+
; |PillLoad_System|divide:u1|counter[5]                            ; |PillLoad_System|divide:u1|counter[5]                            ; dataout          ;
; |PillLoad_System|divide:u1|counter[6]                            ; |PillLoad_System|divide:u1|counter[6]                            ; dataout          ;
; |PillLoad_System|divide:u1|counter[7]                            ; |PillLoad_System|divide:u1|counter[7]                            ; dataout          ;
; |PillLoad_System|divide:u1|counter[8]                            ; |PillLoad_System|divide:u1|counter[8]                            ; dataout          ;
; |PillLoad_System|divide:u1|counter[9]                            ; |PillLoad_System|divide:u1|counter[9]                            ; dataout          ;
; |PillLoad_System|divide:u1|counter[10]                           ; |PillLoad_System|divide:u1|counter[10]                           ; dataout          ;
; |PillLoad_System|divide:u1|counter[11]                           ; |PillLoad_System|divide:u1|counter[11]                           ; dataout          ;
; |PillLoad_System|divide:u1|counter[12]                           ; |PillLoad_System|divide:u1|counter[12]                           ; dataout          ;
; |PillLoad_System|divide:u1|counter[13]                           ; |PillLoad_System|divide:u1|counter[13]                           ; dataout          ;
; |PillLoad_System|divide:u1|counter[0]                            ; |PillLoad_System|divide:u1|counter[0]                            ; dataout          ;
; |PillLoad_System|divide:u1|clk_tmp                               ; |PillLoad_System|divide:u1|clk_tmp                               ; dataout          ;
; |PillLoad_System|single_cnt:u2|Equal2~16                         ; |PillLoad_System|single_cnt:u2|Equal2~16                         ; dataout          ;
; |PillLoad_System|count:u5|tmpb[0]                                ; |PillLoad_System|count:u5|tmpb[0]                                ; dataout          ;
; |PillLoad_System|o1~26                                           ; |PillLoad_System|o1~26                                           ; dataout          ;
; |PillLoad_System|total:u3|tmp3[1]                                ; |PillLoad_System|total:u3|tmp3[1]                                ; dataout          ;
; |PillLoad_System|single_cnt:u2|tmpb[2]                           ; |PillLoad_System|single_cnt:u2|tmpb[2]                           ; dataout          ;
; |PillLoad_System|o1~29                                           ; |PillLoad_System|o1~29                                           ; dataout          ;
; |PillLoad_System|total:u3|tmp3[2]                                ; |PillLoad_System|total:u3|tmp3[2]                                ; dataout          ;
; |PillLoad_System|single_cnt:u2|tmpb[3]                           ; |PillLoad_System|single_cnt:u2|tmpb[3]                           ; dataout          ;
; |PillLoad_System|total:u3|display:u3|Mux2~3                      ; |PillLoad_System|total:u3|display:u3|Mux2~3                      ; dataout          ;
; |PillLoad_System|o1~32                                           ; |PillLoad_System|o1~32                                           ; dataout          ;
; |PillLoad_System|total:u3|tmp3[3]                                ; |PillLoad_System|total:u3|tmp3[3]                                ; dataout          ;
; |PillLoad_System|total:u3|display:u3|Mux4~6                      ; |PillLoad_System|total:u3|display:u3|Mux4~6                      ; dataout          ;
; |PillLoad_System|total:u3|display:u3|Mux0~10                     ; |PillLoad_System|total:u3|display:u3|Mux0~10                     ; dataout          ;
; |PillLoad_System|total:u3|display:u3|Mux1~6                      ; |PillLoad_System|total:u3|display:u3|Mux1~6                      ; dataout          ;
; |PillLoad_System|total:u3|display:u3|Mux5~9                      ; |PillLoad_System|total:u3|display:u3|Mux5~9                      ; dataout          ;
; |PillLoad_System|total:u3|display:u3|Mux6~19                     ; |PillLoad_System|total:u3|display:u3|Mux6~19                     ; dataout          ;
; |PillLoad_System|total:u3|display:u3|Mux3~8                      ; |PillLoad_System|total:u3|display:u3|Mux3~8                      ; dataout          ;
; |PillLoad_System|o1~35                                           ; |PillLoad_System|o1~35                                           ; dataout          ;
; |PillLoad_System|total:u3|lpm_counter:tmp2_rtl_2|dffs[0]         ; |PillLoad_System|total:u3|lpm_counter:tmp2_rtl_2|dffs[0]         ; dataout          ;
; |PillLoad_System|single_cnt:u2|tmpb[0]                           ; |PillLoad_System|single_cnt:u2|tmpb[0]                           ; dataout          ;
; |PillLoad_System|o1~47                                           ; |PillLoad_System|o1~47                                           ; dataout          ;
; |PillLoad_System|single_cnt:u2|tmpb[1]~44                        ; |PillLoad_System|single_cnt:u2|tmpb[1]~44                        ; pexpout          ;
; |PillLoad_System|single_cnt:u2|tmpb[2]~48                        ; |PillLoad_System|single_cnt:u2|tmpb[2]~48                        ; pexpout          ;
; |PillLoad_System|single_cnt:u2|tmpb[3]~52                        ; |PillLoad_System|single_cnt:u2|tmpb[3]~52                        ; pexpout          ;
; |PillLoad_System|single_cnt:u2|lpm_counter:tmpa_rtl_1|dffs[0]~44 ; |PillLoad_System|single_cnt:u2|lpm_counter:tmpa_rtl_1|dffs[0]~44 ; pexpout          ;
; |PillLoad_System|total:u3|lpm_counter:tmp2_rtl_2|dffs[0]~40      ; |PillLoad_System|total:u3|lpm_counter:tmp2_rtl_2|dffs[0]~40      ; pexpout          ;
; |PillLoad_System|single_cnt:u2|Equal2~4sexp2                     ; |PillLoad_System|single_cnt:u2|Equal2~4sexp2                     ; dataout          ;
; |PillLoad_System|single_cnt:u2|Equal2~8sexp1                     ; |PillLoad_System|single_cnt:u2|Equal2~8sexp1                     ; dataout          ;
; |PillLoad_System|single_cnt:u2|Equal2~12sexp2                    ; |PillLoad_System|single_cnt:u2|Equal2~12sexp2                    ; dataout          ;
; |PillLoad_System|count:u5|Equal2~4sexp2                          ; |PillLoad_System|count:u5|Equal2~4sexp2                          ; dataout          ;
; |PillLoad_System|count:u5|Equal2~8sexp1                          ; |PillLoad_System|count:u5|Equal2~8sexp1                          ; dataout          ;
; |PillLoad_System|single_cnt:u2|Equal1~20                         ; |PillLoad_System|single_cnt:u2|Equal1~20                         ; dataout          ;
; |PillLoad_System|clk                                             ; |PillLoad_System|clk~corein                                      ; dataout          ;
; |PillLoad_System|mode                                            ; |PillLoad_System|mode~corein                                     ; dataout          ;
; |PillLoad_System|o1[1]                                           ; |PillLoad_System|o1[1]                                           ; padio            ;
; |PillLoad_System|o1[2]                                           ; |PillLoad_System|o1[2]                                           ; padio            ;
; |PillLoad_System|o2[4]                                           ; |PillLoad_System|o2[4]                                           ; padio            ;
; |PillLoad_System|o1[3]                                           ; |PillLoad_System|o1[3]                                           ; padio            ;
; |PillLoad_System|o2[2]                                           ; |PillLoad_System|o2[2]                                           ; padio            ;
; |PillLoad_System|o2[6]                                           ; |PillLoad_System|o2[6]                                           ; padio            ;
; |PillLoad_System|o2[8]                                           ; |PillLoad_System|o2[8]                                           ; padio            ;
; |PillLoad_System|o2[0]                                           ; |PillLoad_System|o2[0]                                           ; padio            ;
; |PillLoad_System|o2[1]                                           ; |PillLoad_System|o2[1]                                           ; padio            ;
; |PillLoad_System|o2[5]                                           ; |PillLoad_System|o2[5]                                           ; padio            ;
; |PillLoad_System|o1[4]                                           ; |PillLoad_System|o1[4]                                           ; padio            ;
; |PillLoad_System|o2[3]                                           ; |PillLoad_System|o2[3]                                           ; padio            ;
; |PillLoad_System|o2[7]                                           ; |PillLoad_System|o2[7]                                           ; padio            ;
; |PillLoad_System|o1[0]                                           ; |PillLoad_System|o1[0]                                           ; padio            ;
; |PillLoad_System|single_cnt:u2|Equal2~21                         ; |PillLoad_System|single_cnt:u2|Equal2~21                         ; dataout          ;
; |PillLoad_System|single_cnt:u2|Equal2~22                         ; |PillLoad_System|single_cnt:u2|Equal2~22                         ; dataout          ;
; |PillLoad_System|single_cnt:u2|Equal2~25                         ; |PillLoad_System|single_cnt:u2|Equal2~25                         ; dataout          ;
; |PillLoad_System|single_cnt:u2|Equal2~27                         ; |PillLoad_System|single_cnt:u2|Equal2~27                         ; dataout          ;
; |PillLoad_System|single_cnt:u2|Equal2~28                         ; |PillLoad_System|single_cnt:u2|Equal2~28                         ; dataout          ;
; |PillLoad_System|single_cnt:u2|Equal2~31                         ; |PillLoad_System|single_cnt:u2|Equal2~31                         ; dataout          ;
; |PillLoad_System|single_cnt:u2|Equal2~33                         ; |PillLoad_System|single_cnt:u2|Equal2~33                         ; dataout          ;
; |PillLoad_System|single_cnt:u2|Equal2~34                         ; |PillLoad_System|single_cnt:u2|Equal2~34                         ; dataout          ;
; |PillLoad_System|single_cnt:u2|Equal2~37                         ; |PillLoad_System|single_cnt:u2|Equal2~37                         ; dataout          ;
+------------------------------------------------------------------+------------------------------------------------------------------+------------------+


The following table displays output ports that do not toggle to 1 during simulation.
+--------------------------------------------------------------------------------------------------------------------------------------------------+
; Missing 1-Value Coverage                                                                                                                         ;
+---------------------------------------------------------------+---------------------------------------------------------------+------------------+
; Node Name                                                     ; Output Port Name                                              ; Output Port Type ;
+---------------------------------------------------------------+---------------------------------------------------------------+------------------+
; |PillLoad_System|divide:u1|counter[14]                        ; |PillLoad_System|divide:u1|counter[14]                        ; dataout          ;
; |PillLoad_System|divide:u1|counter[15]                        ; |PillLoad_System|divide:u1|counter[15]                        ; dataout          ;
; |PillLoad_System|divide:u1|counter[16]                        ; |PillLoad_System|divide:u1|counter[16]                        ; dataout          ;
; |PillLoad_System|count:u5|tmpb[3]                             ; |PillLoad_System|count:u5|tmpb[3]                             ; dataout          ;
; |PillLoad_System|count:u5|lpm_counter:tmpa_rtl_0|dffs[0]      ; |PillLoad_System|count:u5|lpm_counter:tmpa_rtl_0|dffs[0]      ; dataout          ;
; |PillLoad_System|count:u5|lpm_counter:tmpa_rtl_0|dffs[1]      ; |PillLoad_System|count:u5|lpm_counter:tmpa_rtl_0|dffs[1]      ; dataout          ;
; |PillLoad_System|count:u5|lpm_counter:tmpa_rtl_0|dffs[2]      ; |PillLoad_System|count:u5|lpm_counter:tmpa_rtl_0|dffs[2]      ; dataout          ;
; |PillLoad_System|count:u5|lpm_counter:tmpa_rtl_0|dffs[3]      ; |PillLoad_System|count:u5|lpm_counter:tmpa_rtl_0|dffs[3]      ; dataout          ;
; |PillLoad_System|count:u5|tmp_j                               ; |PillLoad_System|count:u5|tmp_j                               ; dataout          ;
; |PillLoad_System|count:u5|tmp_j~8                             ; |PillLoad_System|count:u5|tmp_j~8                             ; dataout          ;
; |PillLoad_System|single_cnt:u2|lpm_counter:tmpa_rtl_1|_~7     ; |PillLoad_System|single_cnt:u2|lpm_counter:tmpa_rtl_1|_~7     ; dataout          ;
; |PillLoad_System|single_cnt:u2|lpm_counter:tmpa_rtl_1|dffs[1] ; |PillLoad_System|single_cnt:u2|lpm_counter:tmpa_rtl_1|dffs[1] ; dataout          ;
; |PillLoad_System|o1~38                                        ; |PillLoad_System|o1~38                                        ; dataout          ;
; |PillLoad_System|single_cnt:u2|lpm_counter:tmpa_rtl_1|_~11    ; |PillLoad_System|single_cnt:u2|lpm_counter:tmpa_rtl_1|_~11    ; dataout          ;
; |PillLoad_System|single_cnt:u2|lpm_counter:tmpa_rtl_1|dffs[2] ; |PillLoad_System|single_cnt:u2|lpm_counter:tmpa_rtl_1|dffs[2] ; dataout          ;
; |PillLoad_System|total:u3|lpm_counter:tmp2_rtl_2|dffs[3]      ; |PillLoad_System|total:u3|lpm_counter:tmp2_rtl_2|dffs[3]      ; dataout          ;
; |PillLoad_System|o1~41                                        ; |PillLoad_System|o1~41                                        ; dataout          ;
; |PillLoad_System|total:u3|lpm_counter:tmp1_rtl_3|dffs[0]      ; |PillLoad_System|total:u3|lpm_counter:tmp1_rtl_3|dffs[0]      ; dataout          ;
; |PillLoad_System|single_cnt:u2|lpm_counter:tmpa_rtl_1|_~15    ; |PillLoad_System|single_cnt:u2|lpm_counter:tmpa_rtl_1|_~15    ; dataout          ;
; |PillLoad_System|single_cnt:u2|lpm_counter:tmpa_rtl_1|dffs[3] ; |PillLoad_System|single_cnt:u2|lpm_counter:tmpa_rtl_1|dffs[3] ; dataout          ;
; |PillLoad_System|o1~44                                        ; |PillLoad_System|o1~44                                        ; dataout          ;
; |PillLoad_System|total:u3|lpm_counter:tmp1_rtl_3|dffs[1]      ; |PillLoad_System|total:u3|lpm_counter:tmp1_rtl_3|dffs[1]      ; dataout          ;
; |PillLoad_System|total:u3|lpm_counter:tmp1_rtl_3|dffs[2]      ; |PillLoad_System|total:u3|lpm_counter:tmp1_rtl_3|dffs[2]      ; dataout          ;
; |PillLoad_System|total:u3|lpm_counter:tmp1_rtl_3|dffs[3]      ; |PillLoad_System|total:u3|lpm_counter:tmp1_rtl_3|dffs[3]      ; dataout          ;
; |PillLoad_System|single_cnt:u2|tmp_ci~5sexp                   ; |PillLoad_System|single_cnt:u2|tmp_ci~5sexp                   ; dataout          ;
; |PillLoad_System|single_cnt:u2|process_0~3sexp                ; |PillLoad_System|single_cnt:u2|process_0~3sexp                ; dataout          ;
; |PillLoad_System|single_cnt:u2|Equal1~12sexp2                 ; |PillLoad_System|single_cnt:u2|Equal1~12sexp2                 ; dataout          ;
; |PillLoad_System|single_cnt:u2|Equal1~16sexp1                 ; |PillLoad_System|single_cnt:u2|Equal1~16sexp1                 ; dataout          ;
; |PillLoad_System|single_cnt:u2|Equal1~16sexp2                 ; |PillLoad_System|single_cnt:u2|Equal1~16sexp2                 ; dataout          ;
; |PillLoad_System|single_cnt:u2|Equal2~4sexp1                  ; |PillLoad_System|single_cnt:u2|Equal2~4sexp1                  ; dataout          ;
; |PillLoad_System|single_cnt:u2|Equal2~8sexp2                  ; |PillLoad_System|single_cnt:u2|Equal2~8sexp2                  ; dataout          ;
; |PillLoad_System|single_cnt:u2|Equal2~12sexp1                 ; |PillLoad_System|single_cnt:u2|Equal2~12sexp1                 ; dataout          ;
; |PillLoad_System|count:u5|Equal1~4sexp1                       ; |PillLoad_System|count:u5|Equal1~4sexp1                       ; dataout          ;
; |PillLoad_System|count:u5|Equal1~4sexp2                       ; |PillLoad_System|count:u5|Equal1~4sexp2                       ; dataout          ;
; |PillLoad_System|count:u5|Equal1~8sexp1                       ; |PillLoad_System|count:u5|Equal1~8sexp1                       ; dataout          ;
; |PillLoad_System|count:u5|Equal1~8sexp2                       ; |PillLoad_System|count:u5|Equal1~8sexp2                       ; dataout          ;
; |PillLoad_System|count:u5|Equal1~12sexp1                      ; |PillLoad_System|count:u5|Equal1~12sexp1                      ; dataout          ;
; |PillLoad_System|count:u5|Equal1~12sexp2                      ; |PillLoad_System|count:u5|Equal1~12sexp2                      ; dataout          ;
; |PillLoad_System|count:u5|Equal1~16sexp1                      ; |PillLoad_System|count:u5|Equal1~16sexp1                      ; dataout          ;
; |PillLoad_System|count:u5|Equal1~16sexp2                      ; |PillLoad_System|count:u5|Equal1~16sexp2                      ; dataout          ;
; |PillLoad_System|count:u5|Equal2~4sexp1                       ; |PillLoad_System|count:u5|Equal2~4sexp1                       ; dataout          ;
; |PillLoad_System|count:u5|Equal2~8sexp2                       ; |PillLoad_System|count:u5|Equal2~8sexp2                       ; dataout          ;
; |PillLoad_System|count:u5|Equal2~12sexp1                      ; |PillLoad_System|count:u5|Equal2~12sexp1                      ; dataout          ;
; |PillLoad_System|count:u5|Equal2~12sexp2                      ; |PillLoad_System|count:u5|Equal2~12sexp2                      ; dataout          ;
; |PillLoad_System|count:u5|Equal2~16sexp1                      ; |PillLoad_System|count:u5|Equal2~16sexp1                      ; dataout          ;
; |PillLoad_System|count:u5|Equal2~16sexp2                      ; |PillLoad_System|count:u5|Equal2~16sexp2                      ; dataout          ;
; |PillLoad_System|clr1                                         ; |PillLoad_System|clr1~corein                                  ; dataout          ;
; |PillLoad_System|clr2                                         ; |PillLoad_System|clr2~corein                                  ; dataout          ;
; |PillLoad_System|cnt_init                                     ; |PillLoad_System|cnt_init~corein                              ; dataout          ;
; |PillLoad_System|pin1[0]                                      ; |PillLoad_System|pin1[0]~corein                               ; dataout          ;
; |PillLoad_System|pin1[1]                                      ; |PillLoad_System|pin1[1]~corein                               ; dataout          ;
; |PillLoad_System|pin1[2]                                      ; |PillLoad_System|pin1[2]~corein                               ; dataout          ;
; |PillLoad_System|pin1[3]                                      ; |PillLoad_System|pin1[3]~corein                               ; dataout          ;
; |PillLoad_System|pin1[4]                                      ; |PillLoad_System|pin1[4]~corein                               ; dataout          ;
; |PillLoad_System|pin1[5]                                      ; |PillLoad_System|pin1[5]~corein                               ; dataout          ;
; |PillLoad_System|pin1[6]                                      ; |PillLoad_System|pin1[6]~corein                               ; dataout          ;
; |PillLoad_System|pin1[7]                                      ; |PillLoad_System|pin1[7]~corein                               ; dataout          ;
; |PillLoad_System|pin2[0]                                      ; |PillLoad_System|pin2[0]~corein                               ; dataout          ;
; |PillLoad_System|pin2[1]                                      ; |PillLoad_System|pin2[1]~corein                               ; dataout          ;
; |PillLoad_System|pin2[2]                                      ; |PillLoad_System|pin2[2]~corein                               ; dataout          ;
; |PillLoad_System|pin2[3]                                      ; |PillLoad_System|pin2[3]~corein                               ; dataout          ;
; |PillLoad_System|pin2[4]                                      ; |PillLoad_System|pin2[4]~corein                               ; dataout          ;
; |PillLoad_System|pin2[5]                                      ; |PillLoad_System|pin2[5]~corein                               ; dataout          ;
; |PillLoad_System|pin2[6]                                      ; |PillLoad_System|pin2[6]~corein                               ; dataout          ;
; |PillLoad_System|pin2[7]                                      ; |PillLoad_System|pin2[7]~corein                               ; dataout          ;
; |PillLoad_System|en_r                                         ; |PillLoad_System|en_r                                         ; padio            ;
; |PillLoad_System|en_g                                         ; |PillLoad_System|en_g                                         ; padio            ;
; |PillLoad_System|o1[5]                                        ; |PillLoad_System|o1[5]                                        ; padio            ;
; |PillLoad_System|o2[10]                                       ; |PillLoad_System|o2[10]                                       ; padio            ;
; |PillLoad_System|o1[6]                                        ; |PillLoad_System|o1[6]                                        ; padio            ;
; |PillLoad_System|o2[11]                                       ; |PillLoad_System|o2[11]                                       ; padio            ;
; |PillLoad_System|o1[7]                                        ; |PillLoad_System|o1[7]                                        ; padio            ;
; |PillLoad_System|o2[12]                                       ; |PillLoad_System|o2[12]                                       ; padio            ;
; |PillLoad_System|o2[13]                                       ; |PillLoad_System|o2[13]                                       ; padio            ;
; |PillLoad_System|o2[14]                                       ; |PillLoad_System|o2[14]                                       ; padio            ;
; |PillLoad_System|single_cnt:u2|Equal1~21                      ; |PillLoad_System|single_cnt:u2|Equal1~21                      ; dataout          ;
; |PillLoad_System|single_cnt:u2|Equal1~22                      ; |PillLoad_System|single_cnt:u2|Equal1~22                      ; dataout          ;
; |PillLoad_System|single_cnt:u2|Equal1~23                      ; |PillLoad_System|single_cnt:u2|Equal1~23                      ; dataout          ;
; |PillLoad_System|single_cnt:u2|Equal2~20                      ; |PillLoad_System|single_cnt:u2|Equal2~20                      ; dataout          ;
; |PillLoad_System|single_cnt:u2|Equal2~23                      ; |PillLoad_System|single_cnt:u2|Equal2~23                      ; dataout          ;
; |PillLoad_System|single_cnt:u2|Equal2~24                      ; |PillLoad_System|single_cnt:u2|Equal2~24                      ; dataout          ;
; |PillLoad_System|single_cnt:u2|Equal1~24                      ; |PillLoad_System|single_cnt:u2|Equal1~24                      ; dataout          ;
; |PillLoad_System|single_cnt:u2|Equal1~25                      ; |PillLoad_System|single_cnt:u2|Equal1~25                      ; dataout          ;
; |PillLoad_System|single_cnt:u2|Equal1~26                      ; |PillLoad_System|single_cnt:u2|Equal1~26                      ; dataout          ;
; |PillLoad_System|single_cnt:u2|Equal2~26                      ; |PillLoad_System|single_cnt:u2|Equal2~26                      ; dataout          ;
; |PillLoad_System|single_cnt:u2|Equal2~29                      ; |PillLoad_System|single_cnt:u2|Equal2~29                      ; dataout          ;
; |PillLoad_System|single_cnt:u2|Equal2~30                      ; |PillLoad_System|single_cnt:u2|Equal2~30                      ; dataout          ;
; |PillLoad_System|single_cnt:u2|process_0~4                    ; |PillLoad_System|single_cnt:u2|process_0~4                    ; dataout          ;
; |PillLoad_System|single_cnt:u2|Equal1~27                      ; |PillLoad_System|single_cnt:u2|Equal1~27                      ; dataout          ;
; |PillLoad_System|single_cnt:u2|Equal1~28                      ; |PillLoad_System|single_cnt:u2|Equal1~28                      ; dataout          ;
; |PillLoad_System|single_cnt:u2|Equal1~29                      ; |PillLoad_System|single_cnt:u2|Equal1~29                      ; dataout          ;
; |PillLoad_System|single_cnt:u2|Equal2~32                      ; |PillLoad_System|single_cnt:u2|Equal2~32                      ; dataout          ;
; |PillLoad_System|single_cnt:u2|Equal2~35                      ; |PillLoad_System|single_cnt:u2|Equal2~35                      ; dataout          ;
; |PillLoad_System|single_cnt:u2|Equal2~36                      ; |PillLoad_System|single_cnt:u2|Equal2~36                      ; dataout          ;
; |PillLoad_System|single_cnt:u2|process_0~5                    ; |PillLoad_System|single_cnt:u2|process_0~5                    ; dataout          ;
+---------------------------------------------------------------+---------------------------------------------------------------+------------------+


The following table displays output ports that do not toggle to 0 during simulation.
+--------------------------------------------------------------------------------------------------------------------------------------------------+
; Missing 0-Value Coverage                                                                                                                         ;
+---------------------------------------------------------------+---------------------------------------------------------------+------------------+
; Node Name                                                     ; Output Port Name                                              ; Output Port Type ;
+---------------------------------------------------------------+---------------------------------------------------------------+------------------+
; |PillLoad_System|divide:u1|counter[14]                        ; |PillLoad_System|divide:u1|counter[14]                        ; dataout          ;
; |PillLoad_System|divide:u1|counter[15]                        ; |PillLoad_System|divide:u1|counter[15]                        ; dataout          ;
; |PillLoad_System|divide:u1|counter[16]                        ; |PillLoad_System|divide:u1|counter[16]                        ; dataout          ;
; |PillLoad_System|count:u5|tmpb[2]                             ; |PillLoad_System|count:u5|tmpb[2]                             ; dataout          ;
; |PillLoad_System|count:u5|tmpb[3]                             ; |PillLoad_System|count:u5|tmpb[3]                             ; dataout          ;
; |PillLoad_System|count:u5|lpm_counter:tmpa_rtl_0|dffs[0]      ; |PillLoad_System|count:u5|lpm_counter:tmpa_rtl_0|dffs[0]      ; dataout          ;
; |PillLoad_System|count:u5|lpm_counter:tmpa_rtl_0|dffs[1]      ; |PillLoad_System|count:u5|lpm_counter:tmpa_rtl_0|dffs[1]      ; dataout          ;
; |PillLoad_System|count:u5|lpm_counter:tmpa_rtl_0|dffs[2]      ; |PillLoad_System|count:u5|lpm_counter:tmpa_rtl_0|dffs[2]      ; dataout          ;
; |PillLoad_System|count:u5|lpm_counter:tmpa_rtl_0|dffs[3]      ; |PillLoad_System|count:u5|lpm_counter:tmpa_rtl_0|dffs[3]      ; dataout          ;
; |PillLoad_System|count:u5|tmp_j                               ; |PillLoad_System|count:u5|tmp_j                               ; dataout          ;
; |PillLoad_System|count:u5|tmp_j~8                             ; |PillLoad_System|count:u5|tmp_j~8                             ; dataout          ;
; |PillLoad_System|single_cnt:u2|lpm_counter:tmpa_rtl_1|_~7     ; |PillLoad_System|single_cnt:u2|lpm_counter:tmpa_rtl_1|_~7     ; dataout          ;
; |PillLoad_System|single_cnt:u2|lpm_counter:tmpa_rtl_1|dffs[1] ; |PillLoad_System|single_cnt:u2|lpm_counter:tmpa_rtl_1|dffs[1] ; dataout          ;
; |PillLoad_System|total:u3|lpm_counter:tmp2_rtl_2|dffs[2]      ; |PillLoad_System|total:u3|lpm_counter:tmp2_rtl_2|dffs[2]      ; dataout          ;
; |PillLoad_System|o1~38                                        ; |PillLoad_System|o1~38                                        ; dataout          ;
; |PillLoad_System|single_cnt:u2|lpm_counter:tmpa_rtl_1|_~11    ; |PillLoad_System|single_cnt:u2|lpm_counter:tmpa_rtl_1|_~11    ; dataout          ;
; |PillLoad_System|single_cnt:u2|lpm_counter:tmpa_rtl_1|dffs[2] ; |PillLoad_System|single_cnt:u2|lpm_counter:tmpa_rtl_1|dffs[2] ; dataout          ;
; |PillLoad_System|total:u3|lpm_counter:tmp2_rtl_2|dffs[3]      ; |PillLoad_System|total:u3|lpm_counter:tmp2_rtl_2|dffs[3]      ; dataout          ;
; |PillLoad_System|o1~41                                        ; |PillLoad_System|o1~41                                        ; dataout          ;
; |PillLoad_System|total:u3|lpm_counter:tmp1_rtl_3|dffs[0]      ; |PillLoad_System|total:u3|lpm_counter:tmp1_rtl_3|dffs[0]      ; dataout          ;
; |PillLoad_System|single_cnt:u2|lpm_counter:tmpa_rtl_1|_~15    ; |PillLoad_System|single_cnt:u2|lpm_counter:tmpa_rtl_1|_~15    ; dataout          ;
; |PillLoad_System|single_cnt:u2|lpm_counter:tmpa_rtl_1|dffs[3] ; |PillLoad_System|single_cnt:u2|lpm_counter:tmpa_rtl_1|dffs[3] ; dataout          ;
; |PillLoad_System|o1~44                                        ; |PillLoad_System|o1~44                                        ; dataout          ;
; |PillLoad_System|total:u3|lpm_counter:tmp1_rtl_3|dffs[1]      ; |PillLoad_System|total:u3|lpm_counter:tmp1_rtl_3|dffs[1]      ; dataout          ;
; |PillLoad_System|total:u3|lpm_counter:tmp1_rtl_3|dffs[2]      ; |PillLoad_System|total:u3|lpm_counter:tmp1_rtl_3|dffs[2]      ; dataout          ;
; |PillLoad_System|total:u3|lpm_counter:tmp1_rtl_3|dffs[3]      ; |PillLoad_System|total:u3|lpm_counter:tmp1_rtl_3|dffs[3]      ; dataout          ;
; |PillLoad_System|single_cnt:u2|tmp_ci~5sexp                   ; |PillLoad_System|single_cnt:u2|tmp_ci~5sexp                   ; dataout          ;
; |PillLoad_System|single_cnt:u2|process_0~3sexp                ; |PillLoad_System|single_cnt:u2|process_0~3sexp                ; dataout          ;
; |PillLoad_System|single_cnt:u2|Equal1~12sexp2                 ; |PillLoad_System|single_cnt:u2|Equal1~12sexp2                 ; dataout          ;
; |PillLoad_System|single_cnt:u2|Equal1~16sexp1                 ; |PillLoad_System|single_cnt:u2|Equal1~16sexp1                 ; dataout          ;
; |PillLoad_System|single_cnt:u2|Equal1~16sexp2                 ; |PillLoad_System|single_cnt:u2|Equal1~16sexp2                 ; dataout          ;
; |PillLoad_System|single_cnt:u2|Equal2~4sexp1                  ; |PillLoad_System|single_cnt:u2|Equal2~4sexp1                  ; dataout          ;
; |PillLoad_System|single_cnt:u2|Equal2~8sexp2                  ; |PillLoad_System|single_cnt:u2|Equal2~8sexp2                  ; dataout          ;
; |PillLoad_System|single_cnt:u2|Equal2~12sexp1                 ; |PillLoad_System|single_cnt:u2|Equal2~12sexp1                 ; dataout          ;
; |PillLoad_System|count:u5|Equal1~4sexp1                       ; |PillLoad_System|count:u5|Equal1~4sexp1                       ; dataout          ;
; |PillLoad_System|count:u5|Equal1~4sexp2                       ; |PillLoad_System|count:u5|Equal1~4sexp2                       ; dataout          ;
; |PillLoad_System|count:u5|Equal1~8sexp1                       ; |PillLoad_System|count:u5|Equal1~8sexp1                       ; dataout          ;
; |PillLoad_System|count:u5|Equal1~8sexp2                       ; |PillLoad_System|count:u5|Equal1~8sexp2                       ; dataout          ;
; |PillLoad_System|count:u5|Equal1~12sexp1                      ; |PillLoad_System|count:u5|Equal1~12sexp1                      ; dataout          ;
; |PillLoad_System|count:u5|Equal1~12sexp2                      ; |PillLoad_System|count:u5|Equal1~12sexp2                      ; dataout          ;
; |PillLoad_System|count:u5|Equal1~16sexp1                      ; |PillLoad_System|count:u5|Equal1~16sexp1                      ; dataout          ;
; |PillLoad_System|count:u5|Equal1~16sexp2                      ; |PillLoad_System|count:u5|Equal1~16sexp2                      ; dataout          ;
; |PillLoad_System|count:u5|Equal2~4sexp1                       ; |PillLoad_System|count:u5|Equal2~4sexp1                       ; dataout          ;
; |PillLoad_System|count:u5|Equal2~8sexp2                       ; |PillLoad_System|count:u5|Equal2~8sexp2                       ; dataout          ;
; |PillLoad_System|count:u5|Equal2~12sexp1                      ; |PillLoad_System|count:u5|Equal2~12sexp1                      ; dataout          ;
; |PillLoad_System|count:u5|Equal2~16sexp1                      ; |PillLoad_System|count:u5|Equal2~16sexp1                      ; dataout          ;
; |PillLoad_System|count:u5|Equal2~16sexp2                      ; |PillLoad_System|count:u5|Equal2~16sexp2                      ; dataout          ;
; |PillLoad_System|clr1                                         ; |PillLoad_System|clr1~corein                                  ; dataout          ;
; |PillLoad_System|clr2                                         ; |PillLoad_System|clr2~corein                                  ; dataout          ;
; |PillLoad_System|cnt_init                                     ; |PillLoad_System|cnt_init~corein                              ; dataout          ;
; |PillLoad_System|pin1[0]                                      ; |PillLoad_System|pin1[0]~corein                               ; dataout          ;
; |PillLoad_System|pin1[1]                                      ; |PillLoad_System|pin1[1]~corein                               ; dataout          ;
; |PillLoad_System|pin1[2]                                      ; |PillLoad_System|pin1[2]~corein                               ; dataout          ;
; |PillLoad_System|pin1[3]                                      ; |PillLoad_System|pin1[3]~corein                               ; dataout          ;
; |PillLoad_System|pin1[4]                                      ; |PillLoad_System|pin1[4]~corein                               ; dataout          ;
; |PillLoad_System|pin1[5]                                      ; |PillLoad_System|pin1[5]~corein                               ; dataout          ;
; |PillLoad_System|pin1[6]                                      ; |PillLoad_System|pin1[6]~corein                               ; dataout          ;
; |PillLoad_System|pin1[7]                                      ; |PillLoad_System|pin1[7]~corein                               ; dataout          ;
; |PillLoad_System|pin2[0]                                      ; |PillLoad_System|pin2[0]~corein                               ; dataout          ;
; |PillLoad_System|pin2[1]                                      ; |PillLoad_System|pin2[1]~corein                               ; dataout          ;
; |PillLoad_System|pin2[2]                                      ; |PillLoad_System|pin2[2]~corein                               ; dataout          ;
; |PillLoad_System|pin2[3]                                      ; |PillLoad_System|pin2[3]~corein                               ; dataout          ;
; |PillLoad_System|pin2[4]                                      ; |PillLoad_System|pin2[4]~corein                               ; dataout          ;
; |PillLoad_System|pin2[5]                                      ; |PillLoad_System|pin2[5]~corein                               ; dataout          ;
; |PillLoad_System|pin2[6]                                      ; |PillLoad_System|pin2[6]~corein                               ; dataout          ;
; |PillLoad_System|pin2[7]                                      ; |PillLoad_System|pin2[7]~corein                               ; dataout          ;
; |PillLoad_System|en_r                                         ; |PillLoad_System|en_r                                         ; padio            ;
; |PillLoad_System|en_g                                         ; |PillLoad_System|en_g                                         ; padio            ;
; |PillLoad_System|o2[9]                                        ; |PillLoad_System|o2[9]                                        ; padio            ;
; |PillLoad_System|o1[5]                                        ; |PillLoad_System|o1[5]                                        ; padio            ;
; |PillLoad_System|o2[10]                                       ; |PillLoad_System|o2[10]                                       ; padio            ;
; |PillLoad_System|o1[6]                                        ; |PillLoad_System|o1[6]                                        ; padio            ;
; |PillLoad_System|o2[11]                                       ; |PillLoad_System|o2[11]                                       ; padio            ;
; |PillLoad_System|o1[7]                                        ; |PillLoad_System|o1[7]                                        ; padio            ;
; |PillLoad_System|o2[12]                                       ; |PillLoad_System|o2[12]                                       ; padio            ;
; |PillLoad_System|o2[13]                                       ; |PillLoad_System|o2[13]                                       ; padio            ;
; |PillLoad_System|o2[14]                                       ; |PillLoad_System|o2[14]                                       ; padio            ;
; |PillLoad_System|single_cnt:u2|Equal1~21                      ; |PillLoad_System|single_cnt:u2|Equal1~21                      ; dataout          ;
; |PillLoad_System|single_cnt:u2|Equal1~22                      ; |PillLoad_System|single_cnt:u2|Equal1~22                      ; dataout          ;
; |PillLoad_System|single_cnt:u2|Equal1~23                      ; |PillLoad_System|single_cnt:u2|Equal1~23                      ; dataout          ;
; |PillLoad_System|single_cnt:u2|Equal2~20                      ; |PillLoad_System|single_cnt:u2|Equal2~20                      ; dataout          ;
; |PillLoad_System|single_cnt:u2|Equal2~23                      ; |PillLoad_System|single_cnt:u2|Equal2~23                      ; dataout          ;
; |PillLoad_System|single_cnt:u2|Equal2~24                      ; |PillLoad_System|single_cnt:u2|Equal2~24                      ; dataout          ;
; |PillLoad_System|single_cnt:u2|Equal1~24                      ; |PillLoad_System|single_cnt:u2|Equal1~24                      ; dataout          ;
; |PillLoad_System|single_cnt:u2|Equal1~25                      ; |PillLoad_System|single_cnt:u2|Equal1~25                      ; dataout          ;
; |PillLoad_System|single_cnt:u2|Equal1~26                      ; |PillLoad_System|single_cnt:u2|Equal1~26                      ; dataout          ;
; |PillLoad_System|single_cnt:u2|Equal2~26                      ; |PillLoad_System|single_cnt:u2|Equal2~26                      ; dataout          ;
; |PillLoad_System|single_cnt:u2|Equal2~29                      ; |PillLoad_System|single_cnt:u2|Equal2~29                      ; dataout          ;
; |PillLoad_System|single_cnt:u2|Equal2~30                      ; |PillLoad_System|single_cnt:u2|Equal2~30                      ; dataout          ;
; |PillLoad_System|single_cnt:u2|process_0~4                    ; |PillLoad_System|single_cnt:u2|process_0~4                    ; dataout          ;
; |PillLoad_System|single_cnt:u2|Equal1~27                      ; |PillLoad_System|single_cnt:u2|Equal1~27                      ; dataout          ;
; |PillLoad_System|single_cnt:u2|Equal1~28                      ; |PillLoad_System|single_cnt:u2|Equal1~28                      ; dataout          ;
; |PillLoad_System|single_cnt:u2|Equal1~29                      ; |PillLoad_System|single_cnt:u2|Equal1~29                      ; dataout          ;
; |PillLoad_System|single_cnt:u2|Equal2~32                      ; |PillLoad_System|single_cnt:u2|Equal2~32                      ; dataout          ;
; |PillLoad_System|single_cnt:u2|Equal2~35                      ; |PillLoad_System|single_cnt:u2|Equal2~35                      ; dataout          ;
; |PillLoad_System|single_cnt:u2|Equal2~36                      ; |PillLoad_System|single_cnt:u2|Equal2~36                      ; dataout          ;
; |PillLoad_System|single_cnt:u2|process_0~5                    ; |PillLoad_System|single_cnt:u2|process_0~5                    ; dataout          ;
+---------------------------------------------------------------+---------------------------------------------------------------+------------------+


+---------------------+
; Simulator INI Usage ;
+--------+------------+
; Option ; Usage      ;
+--------+------------+


+--------------------+
; Simulator Messages ;
+--------------------+
Info: *******************************************************************
Info: Running Quartus II Simulator
    Info: Version 9.1 Build 222 10/21/2009 SJ Full Version
    Info: Processing started: Tue Mar 28 15:06:10 2023
Info: Command: quartus_sim --read_settings_files=on --write_settings_files=off PillLoad_System -c PillLoad_System
Info: Using vector source file "D:/VHDL/PillLoad_System/PillLoad_System.vwf"
Info: Option to preserve fewer signal transitions to reduce memory requirements is enabled
    Info: Simulation has been partitioned into sub-simulations according to the maximum transition count determined by the engine. Transitions from memory will be flushed out to disk at the end of each sub-simulation to reduce memory requirements.
Info: Simulation partitioned into 1 sub-simulations
Info: Simulation coverage is      40.96 %
Info: Number of transitions in simulation is 4001243
Info: Quartus II Simulator was successful. 0 errors, 0 warnings
    Info: Peak virtual memory: 158 megabytes
    Info: Processing ended: Tue Mar 28 15:07:17 2023
    Info: Elapsed time: 00:01:07
    Info: Total CPU time (on all processors): 00:00:20


