Analysis & Synthesis report for PillLoad_System
Sun Mar 26 21:35:11 2023
Quartus II Version 9.1 Build 222 10/21/2009 SJ Full Version


---------------------
; Table of Contents ;
---------------------
  1. Legal Notice
  2. Analysis & Synthesis Summary
  3. Analysis & Synthesis Settings
  4. Parallel Compilation
  5. Analysis & Synthesis Source Files Read
  6. Analysis & Synthesis Resource Usage Summary
  7. Analysis & Synthesis Resource Utilization by Entity
  8. Registers Removed During Synthesis
  9. General Register Statistics
 10. Analysis & Synthesis Messages



----------------
; Legal Notice ;
----------------
Copyright (C) 1991-2009 Altera Corporation
Your use of Altera Corporation's design tools, logic functions 
and other software and tools, and its AMPP partner logic 
functions, and any output files from any of the foregoing 
(including device programming or simulation files), and any 
associated documentation or information are expressly subject 
to the terms and conditions of the Altera Program License 
Subscription Agreement, Altera MegaCore Function License 
Agreement, or other applicable license agreement, including, 
without limitation, that your use is for the sole purpose of 
programming logic devices manufactured by Altera and sold by 
Altera or its authorized distributors.  Please refer to the 
applicable agreement for further details.



+--------------------------------------------------------------------------+
; Analysis & Synthesis Summary                                             ;
+-------------------------------+------------------------------------------+
; Analysis & Synthesis Status   ; Successful - Sun Mar 26 21:35:11 2023    ;
; Quartus II Version            ; 9.1 Build 222 10/21/2009 SJ Full Version ;
; Revision Name                 ; PillLoad_System                          ;
; Top-level Entity Name         ; PillLoad_System                          ;
; Family                        ; Stratix II                               ;
; Logic utilization             ; N/A                                      ;
;     Combinational ALUTs       ; 0                                        ;
;     Dedicated logic registers ; 0                                        ;
; Total registers               ; 0                                        ;
; Total pins                    ; 71                                       ;
; Total virtual pins            ; 0                                        ;
; Total block memory bits       ; 0                                        ;
; DSP block 9-bit elements      ; 0                                        ;
; Total PLLs                    ; 0                                        ;
; Total DLLs                    ; 0                                        ;
+-------------------------------+------------------------------------------+


+----------------------------------------------------------------------------------------------------------------------+
; Analysis & Synthesis Settings                                                                                        ;
+----------------------------------------------------------------------------+--------------------+--------------------+
; Option                                                                     ; Setting            ; Default Value      ;
+----------------------------------------------------------------------------+--------------------+--------------------+
; Top-level entity name                                                      ; PillLoad_System    ; PillLoad_System    ;
; Family name                                                                ; Stratix II         ; Stratix II         ;
; Use Generated Physical Constraints File                                    ; Off                ;                    ;
; Use smart compilation                                                      ; Off                ; Off                ;
; Enable parallel Assembler and TimeQuest Timing Analyzer during compilation ; On                 ; On                 ;
; Enable compact report table                                                ; Off                ; Off                ;
; Restructure Multiplexers                                                   ; Auto               ; Auto               ;
; Create Debugging Nodes for IP Cores                                        ; Off                ; Off                ;
; Preserve fewer node names                                                  ; On                 ; On                 ;
; Disable OpenCore Plus hardware evaluation                                  ; Off                ; Off                ;
; Verilog Version                                                            ; Verilog_2001       ; Verilog_2001       ;
; VHDL Version                                                               ; VHDL_1993          ; VHDL_1993          ;
; State Machine Processing                                                   ; Auto               ; Auto               ;
; Safe State Machine                                                         ; Off                ; Off                ;
; Extract Verilog State Machines                                             ; On                 ; On                 ;
; Extract VHDL State Machines                                                ; On                 ; On                 ;
; Ignore Verilog initial constructs                                          ; Off                ; Off                ;
; Iteration limit for constant Verilog loops                                 ; 5000               ; 5000               ;
; Iteration limit for non-constant Verilog loops                             ; 250                ; 250                ;
; Add Pass-Through Logic to Inferred RAMs                                    ; On                 ; On                 ;
; Parallel Synthesis                                                         ; On                 ; On                 ;
; DSP Block Balancing                                                        ; Auto               ; Auto               ;
; NOT Gate Push-Back                                                         ; On                 ; On                 ;
; Power-Up Don't Care                                                        ; On                 ; On                 ;
; Remove Redundant Logic Cells                                               ; Off                ; Off                ;
; Remove Duplicate Registers                                                 ; On                 ; On                 ;
; Ignore CARRY Buffers                                                       ; Off                ; Off                ;
; Ignore CASCADE Buffers                                                     ; Off                ; Off                ;
; Ignore GLOBAL Buffers                                                      ; Off                ; Off                ;
; Ignore ROW GLOBAL Buffers                                                  ; Off                ; Off                ;
; Ignore LCELL Buffers                                                       ; Off                ; Off                ;
; Ignore SOFT Buffers                                                        ; On                 ; On                 ;
; Limit AHDL Integers to 32 Bits                                             ; Off                ; Off                ;
; Optimization Technique                                                     ; Balanced           ; Balanced           ;
; Carry Chain Length                                                         ; 70                 ; 70                 ;
; Auto Carry Chains                                                          ; On                 ; On                 ;
; Auto Open-Drain Pins                                                       ; On                 ; On                 ;
; Perform WYSIWYG Primitive Resynthesis                                      ; Off                ; Off                ;
; Auto ROM Replacement                                                       ; On                 ; On                 ;
; Auto RAM Replacement                                                       ; On                 ; On                 ;
; Auto DSP Block Replacement                                                 ; On                 ; On                 ;
; Auto Shift Register Replacement                                            ; Auto               ; Auto               ;
; Auto Clock Enable Replacement                                              ; On                 ; On                 ;
; Strict RAM Replacement                                                     ; Off                ; Off                ;
; Allow Synchronous Control Signals                                          ; On                 ; On                 ;
; Force Use of Synchronous Clear Signals                                     ; Off                ; Off                ;
; Auto RAM Block Balancing                                                   ; On                 ; On                 ;
; Auto RAM to Logic Cell Conversion                                          ; Off                ; Off                ;
; Auto Resource Sharing                                                      ; Off                ; Off                ;
; Allow Any RAM Size For Recognition                                         ; Off                ; Off                ;
; Allow Any ROM Size For Recognition                                         ; Off                ; Off                ;
; Allow Any Shift Register Size For Recognition                              ; Off                ; Off                ;
; Use LogicLock Constraints during Resource Balancing                        ; On                 ; On                 ;
; Ignore translate_off and synthesis_off directives                          ; Off                ; Off                ;
; Timing-Driven Synthesis                                                    ; Off                ; Off                ;
; Show Parameter Settings Tables in Synthesis Report                         ; On                 ; On                 ;
; Ignore Maximum Fan-Out Assignments                                         ; Off                ; Off                ;
; Synchronization Register Chain Length                                      ; 2                  ; 2                  ;
; PowerPlay Power Optimization                                               ; Normal compilation ; Normal compilation ;
; HDL message level                                                          ; Level2             ; Level2             ;
; Suppress Register Optimization Related Messages                            ; Off                ; Off                ;
; Number of Removed Registers Reported in Synthesis Report                   ; 100                ; 100                ;
; Number of Inverted Registers Reported in Synthesis Report                  ; 100                ; 100                ;
; Clock MUX Protection                                                       ; On                 ; On                 ;
; Auto Gated Clock Conversion                                                ; Off                ; Off                ;
; Block Design Naming                                                        ; Auto               ; Auto               ;
; SDC constraint protection                                                  ; Off                ; Off                ;
; Synthesis Effort                                                           ; Auto               ; Auto               ;
; Shift Register Replacement - Allow Asynchronous Clear Signal               ; On                 ; On                 ;
; Analysis & Synthesis Message Level                                         ; Medium             ; Medium             ;
; Disable Register Merging Across Hierarchies                                ; Auto               ; Auto               ;
; Resource Aware Inference For Block RAM                                     ; On                 ; On                 ;
+----------------------------------------------------------------------------+--------------------+--------------------+


+------------------------------------------+
; Parallel Compilation                     ;
+----------------------------+-------------+
; Processors                 ; Number      ;
+----------------------------+-------------+
; Number detected on machine ; 16          ;
; Maximum allowed            ; 16          ;
;                            ;             ;
; Average used               ; 1.00        ;
; Maximum used               ; 1           ;
;                            ;             ;
; Usage by Processor         ; % Time Used ;
;     1 processor            ; 100.0%      ;
;     2-16 processors        ;   0.0%      ;
+----------------------------+-------------+


+--------------------------------------------------------------------------------------------------------------------------+
; Analysis & Synthesis Source Files Read                                                                                   ;
+----------------------------------+-----------------+-----------------------+---------------------------------------------+
; File Name with User-Entered Path ; Used in Netlist ; File Type             ; File Name with Absolute Path                ;
+----------------------------------+-----------------+-----------------------+---------------------------------------------+
; PillLoad_System.vhd              ; yes             ; User VHDL File        ; D:/VHDL/PillLoad_System/PillLoad_System.vhd ;
; divide.vhd                       ; yes             ; Auto-Found VHDL File  ; D:/VHDL/PillLoad_System/divide.vhd          ;
; single_cnt.vhd                   ; yes             ; Auto-Found VHDL File  ; D:/VHDL/PillLoad_System/single_cnt.vhd      ;
; total.vhd                        ; yes             ; Auto-Found VHDL File  ; D:/VHDL/PillLoad_System/total.vhd           ;
; display.vhd                      ; yes             ; Auto-Found VHDL File  ; D:/VHDL/PillLoad_System/display.vhd         ;
; control.vhd                      ; yes             ; Auto-Found VHDL File  ; D:/VHDL/PillLoad_System/control.vhd         ;
; count.vhd                        ; yes             ; Auto-Found VHDL File  ; D:/VHDL/PillLoad_System/count.vhd           ;
+----------------------------------+-----------------+-----------------------+---------------------------------------------+


+------------------------------------------------------+
; Analysis & Synthesis Resource Usage Summary          ;
+----------------------------------------------+-------+
; Resource                                     ; Usage ;
+----------------------------------------------+-------+
; Estimated ALUTs Used                         ; 0     ;
; Dedicated logic registers                    ; 0     ;
;                                              ;       ;
; Estimated ALUTs Unavailable                  ; 0     ;
;                                              ;       ;
; Total combinational functions                ; 0     ;
; Combinational ALUT usage by number of inputs ;       ;
;     -- 7 input functions                     ; 0     ;
;     -- 6 input functions                     ; 0     ;
;     -- 5 input functions                     ; 0     ;
;     -- 4 input functions                     ; 0     ;
;     -- <=3 input functions                   ; 0     ;
;                                              ;       ;
; Combinational ALUTs by mode                  ;       ;
;     -- normal mode                           ; 0     ;
;     -- extended LUT mode                     ; 0     ;
;     -- arithmetic mode                       ; 0     ;
;     -- shared arithmetic mode                ; 0     ;
;                                              ;       ;
; Estimated ALUT/register pairs used           ; 0     ;
;                                              ;       ;
; Total registers                              ; 0     ;
;     -- Dedicated logic registers             ; 0     ;
;     -- I/O registers                         ; 0     ;
;                                              ;       ;
;                                              ;       ;
; I/O pins                                     ; 71    ;
+----------------------------------------------+-------+


+-----------------------------------------------------------------------------------------------------------------------------------------------------------------------------------------------+
; Analysis & Synthesis Resource Utilization by Entity                                                                                                                                           ;
+----------------------------+-------------------+--------------+-------------------+--------------+---------+-----------+-----------+------+--------------+---------------------+--------------+
; Compilation Hierarchy Node ; LC Combinationals ; LC Registers ; Block Memory Bits ; DSP Elements ; DSP 9x9 ; DSP 18x18 ; DSP 36x36 ; Pins ; Virtual Pins ; Full Hierarchy Name ; Library Name ;
+----------------------------+-------------------+--------------+-------------------+--------------+---------+-----------+-----------+------+--------------+---------------------+--------------+
; |PillLoad_System           ; 0 (0)             ; 0 (0)        ; 0                 ; 0            ; 0       ; 0         ; 0         ; 71   ; 0            ; |PillLoad_System    ; work         ;
+----------------------------+-------------------+--------------+-------------------+--------------+---------+-----------+-----------+------+--------------+---------------------+--------------+
Note: For table entries with two numbers listed, the numbers in parentheses indicate the number of resources of the given type used by the specific entity alone. The numbers listed outside of parentheses indicate the total resources of the given type used by the specific entity and all of its sub-entities in the hierarchy.


+--------------------------------------------------------------------------------------+
; Registers Removed During Synthesis                                                   ;
+----------------------------------------+---------------------------------------------+
; Register name                          ; Reason for Removal                          ;
+----------------------------------------+---------------------------------------------+
; total:u3|tmp3[0]                       ; Stuck at GND due to stuck port clock_enable ;
; total:u3|tmp2[0..3]                    ; Stuck at GND due to stuck port clock_enable ;
; total:u3|tmp3[1..3]                    ; Stuck at GND due to stuck port clock_enable ;
; total:u3|tmp1[0..3]                    ; Stuck at GND due to stuck port clock_enable ;
; Total Number of Removed Registers = 12 ;                                             ;
+----------------------------------------+---------------------------------------------+


+------------------------------------------------------+
; General Register Statistics                          ;
+----------------------------------------------+-------+
; Statistic                                    ; Value ;
+----------------------------------------------+-------+
; Total registers                              ; 0     ;
; Number of registers using Synchronous Clear  ; 0     ;
; Number of registers using Synchronous Load   ; 0     ;
; Number of registers using Asynchronous Clear ; 0     ;
; Number of registers using Asynchronous Load  ; 0     ;
; Number of registers using Clock Enable       ; 0     ;
; Number of registers using Preset             ; 0     ;
+----------------------------------------------+-------+


+-------------------------------+
; Analysis & Synthesis Messages ;
+-------------------------------+
Info: *******************************************************************
Info: Running Quartus II Analysis & Synthesis
    Info: Version 9.1 Build 222 10/21/2009 SJ Full Version
    Info: Processing started: Sun Mar 26 21:35:10 2023
Info: Command: quartus_map --read_settings_files=on --write_settings_files=off PillLoad_System -c PillLoad_System
Info: Parallel compilation is enabled and will use 16 of the 16 processors detected
Info: Found 2 design units, including 1 entities, in source file pillload_system.vhd
    Info: Found design unit 1: PillLoad_System-func
    Info: Found entity 1: PillLoad_System
Info: Elaborating entity "PillLoad_System" for the top level hierarchy
Warning: Entity "divide" obtained from "D:/VHDL/PillLoad_System/divide.vhd" instead of from Quartus II megafunction library
Warning: Using design file divide.vhd, which is not specified as a design file for the current project, but contains definitions for 2 design units and 1 entities in project
    Info: Found design unit 1: divide-fuc_d
    Info: Found entity 1: divide
Info: Elaborating entity "divide" for hierarchy "divide:u1"
Warning (10540): VHDL Signal Declaration warning at divide.vhd(15): used explicit default value for signal "div" because signal was never assigned a value
Warning: Using design file single_cnt.vhd, which is not specified as a design file for the current project, but contains definitions for 2 design units and 1 entities in project
    Info: Found design unit 1: single_cnt-func_s
    Info: Found entity 1: single_cnt
Info: Elaborating entity "single_cnt" for hierarchy "single_cnt:u2"
Warning (10541): VHDL Signal Declaration warning at single_cnt.vhd(13): used implicit default value for signal "ci" because signal was never assigned a value or an explicit default value. Use of implicit default value may introduce unintended design optimizations.
Warning (10541): VHDL Signal Declaration warning at single_cnt.vhd(14): used implicit default value for signal "ou" because signal was never assigned a value or an explicit default value. Use of implicit default value may introduce unintended design optimizations.
Warning: Using design file total.vhd, which is not specified as a design file for the current project, but contains definitions for 2 design units and 1 entities in project
    Info: Found design unit 1: total-func_f
    Info: Found entity 1: total
Info: Elaborating entity "total" for hierarchy "total:u3"
Warning: Using design file display.vhd, which is not specified as a design file for the current project, but contains definitions for 2 design units and 1 entities in project
    Info: Found design unit 1: display-func
    Info: Found entity 1: display
Info: Elaborating entity "display" for hierarchy "total:u3|display:u1"
Warning: Using design file control.vhd, which is not specified as a design file for the current project, but contains definitions for 2 design units and 1 entities in project
    Info: Found design unit 1: control-func_co
    Info: Found entity 1: control
Info: Elaborating entity "control" for hierarchy "control:u4"
Warning: Using design file count.vhd, which is not specified as a design file for the current project, but contains definitions for 2 design units and 1 entities in project
    Info: Found design unit 1: count-func_count
    Info: Found entity 1: count
Info: Elaborating entity "count" for hierarchy "count:u5"
Warning (10492): VHDL Process Statement warning at count.vhd(29): signal "tmp" is read inside the Process Statement but isn't in the Process Statement's sensitivity list
Warning (10492): VHDL Process Statement warning at count.vhd(33): signal "tmp" is read inside the Process Statement but isn't in the Process Statement's sensitivity list
Warning (10631): VHDL Process Statement warning at count.vhd(26): inferring latch(es) for signal or variable "tmp", which holds its previous value in one or more paths through the process
Warning (10631): VHDL Process Statement warning at count.vhd(26): inferring latch(es) for signal or variable "tmp_j", which holds its previous value in one or more paths through the process
Info (10041): Inferred latch for "tmp_j" at count.vhd(26)
Info (10041): Inferred latch for "tmp[0]" at count.vhd(26)
Info (10041): Inferred latch for "tmp[1]" at count.vhd(26)
Info (10041): Inferred latch for "tmp[2]" at count.vhd(26)
Info (10041): Inferred latch for "tmp[3]" at count.vhd(26)
Info (10041): Inferred latch for "tmp[4]" at count.vhd(26)
Info (10041): Inferred latch for "tmp[5]" at count.vhd(26)
Info (10041): Inferred latch for "tmp[6]" at count.vhd(26)
Info (10041): Inferred latch for "tmp[7]" at count.vhd(26)
Info: Elaborating entity "display" for hierarchy "count:u5|display:u1"
Warning: LATCH primitive "count:u5|tmp_j" is permanently disabled
Warning: LATCH primitive "count:u5|tmp[1]" is permanently disabled
Warning: LATCH primitive "count:u5|tmp[2]" is permanently disabled
Warning: LATCH primitive "count:u5|tmp[3]" is permanently disabled
Warning: LATCH primitive "count:u5|tmp[4]" is permanently disabled
Warning: LATCH primitive "count:u5|tmp[5]" is permanently disabled
Warning: LATCH primitive "count:u5|tmp[6]" is permanently disabled
Warning: LATCH primitive "count:u5|tmp[7]" is permanently disabled
Warning: LATCH primitive "count:u5|tmp[0]" is permanently disabled
Warning: LATCH primitive "count:u5|tmp[3]" is permanently disabled
Warning: LATCH primitive "count:u5|tmp[2]" is permanently disabled
Warning: LATCH primitive "count:u5|tmp[1]" is permanently disabled
Warning: LATCH primitive "count:u5|tmp[0]" is permanently disabled
Warning: LATCH primitive "count:u5|tmp[7]" is permanently disabled
Warning: LATCH primitive "count:u5|tmp[6]" is permanently disabled
Warning: LATCH primitive "count:u5|tmp[5]" is permanently disabled
Warning: LATCH primitive "count:u5|tmp[4]" is permanently disabled
Warning: LATCH primitive "count:u5|tmp_j" is permanently disabled
Warning: Output pins are stuck at VCC or GND
    Warning (13410): Pin "o1[0]" is stuck at GND
    Warning (13410): Pin "o1[1]" is stuck at GND
    Warning (13410): Pin "o1[2]" is stuck at GND
    Warning (13410): Pin "o1[3]" is stuck at GND
    Warning (13410): Pin "o1[4]" is stuck at GND
    Warning (13410): Pin "o1[5]" is stuck at GND
    Warning (13410): Pin "o1[6]" is stuck at GND
    Warning (13410): Pin "o1[7]" is stuck at GND
    Warning (13410): Pin "o1[8]" is stuck at GND
    Warning (13410): Pin "o1[9]" is stuck at GND
    Warning (13410): Pin "o1[10]" is stuck at GND
    Warning (13410): Pin "o1[11]" is stuck at GND
    Warning (13410): Pin "o1[12]" is stuck at GND
    Warning (13410): Pin "o1[13]" is stuck at GND
    Warning (13410): Pin "o2[0]" is stuck at VCC
    Warning (13410): Pin "o2[1]" is stuck at VCC
    Warning (13410): Pin "o2[2]" is stuck at VCC
    Warning (13410): Pin "o2[3]" is stuck at VCC
    Warning (13410): Pin "o2[4]" is stuck at VCC
    Warning (13410): Pin "o2[5]" is stuck at VCC
    Warning (13410): Pin "o2[6]" is stuck at GND
    Warning (13410): Pin "o2[7]" is stuck at VCC
    Warning (13410): Pin "o2[8]" is stuck at VCC
    Warning (13410): Pin "o2[9]" is stuck at VCC
    Warning (13410): Pin "o2[10]" is stuck at VCC
    Warning (13410): Pin "o2[11]" is stuck at VCC
    Warning (13410): Pin "o2[12]" is stuck at VCC
    Warning (13410): Pin "o2[13]" is stuck at GND
    Warning (13410): Pin "o2[14]" is stuck at VCC
    Warning (13410): Pin "o2[15]" is stuck at VCC
    Warning (13410): Pin "o2[16]" is stuck at VCC
    Warning (13410): Pin "o2[17]" is stuck at VCC
    Warning (13410): Pin "o2[18]" is stuck at VCC
    Warning (13410): Pin "o2[19]" is stuck at VCC
    Warning (13410): Pin "o2[20]" is stuck at GND
    Warning (13410): Pin "o3[0]" is stuck at VCC
    Warning (13410): Pin "o3[1]" is stuck at VCC
    Warning (13410): Pin "o3[2]" is stuck at VCC
    Warning (13410): Pin "o3[3]" is stuck at VCC
    Warning (13410): Pin "o3[4]" is stuck at VCC
    Warning (13410): Pin "o3[5]" is stuck at VCC
    Warning (13410): Pin "o3[6]" is stuck at GND
    Warning (13410): Pin "o3[7]" is stuck at VCC
    Warning (13410): Pin "o3[8]" is stuck at VCC
    Warning (13410): Pin "o3[9]" is stuck at VCC
    Warning (13410): Pin "o3[10]" is stuck at VCC
    Warning (13410): Pin "o3[11]" is stuck at VCC
    Warning (13410): Pin "o3[12]" is stuck at VCC
    Warning (13410): Pin "o3[13]" is stuck at GND
    Warning (13410): Pin "en_g" is stuck at GND
    Warning (13410): Pin "en_r" is stuck at VCC
Warning: Design contains 20 input pin(s) that do not drive logic
    Warning (15610): No output dependent on input pin "clk"
    Warning (15610): No output dependent on input pin "clr1"
    Warning (15610): No output dependent on input pin "clr2"
    Warning (15610): No output dependent on input pin "cnt_init"
    Warning (15610): No output dependent on input pin "pin1[0]"
    Warning (15610): No output dependent on input pin "pin1[1]"
    Warning (15610): No output dependent on input pin "pin1[2]"
    Warning (15610): No output dependent on input pin "pin1[3]"
    Warning (15610): No output dependent on input pin "pin1[4]"
    Warning (15610): No output dependent on input pin "pin1[5]"
    Warning (15610): No output dependent on input pin "pin1[6]"
    Warning (15610): No output dependent on input pin "pin1[7]"
    Warning (15610): No output dependent on input pin "pin2[7]"
    Warning (15610): No output dependent on input pin "pin2[6]"
    Warning (15610): No output dependent on input pin "pin2[5]"
    Warning (15610): No output dependent on input pin "pin2[4]"
    Warning (15610): No output dependent on input pin "pin2[3]"
    Warning (15610): No output dependent on input pin "pin2[2]"
    Warning (15610): No output dependent on input pin "pin2[1]"
    Warning (15610): No output dependent on input pin "pin2[0]"
Info: Implemented 71 device resources after synthesis - the final resource count might be different
    Info: Implemented 20 input pins
    Info: Implemented 51 output pins
Info: Quartus II Analysis & Synthesis was successful. 0 errors, 105 warnings
    Info: Peak virtual memory: 243 megabytes
    Info: Processing ended: Sun Mar 26 21:35:11 2023
    Info: Elapsed time: 00:00:01
    Info: Total CPU time (on all processors): 00:00:00


